[01:50:37] [ServerMain/INFO]: Environment: Environment[sessionHost=https://sessionserver.mojang.com, servicesHost=https://api.minecraftservices.com, name=PROD]
[01:50:39] [ServerMain/INFO]: Loaded 1407 recipes
[01:50:39] [ServerMain/INFO]: Loaded 1520 advancements
[01:50:39] [Server thread/INFO]: Starting minecraft server version 1.21.8
[01:50:39] [Server thread/INFO]: Loading properties
[01:50:39] [Server thread/INFO]: Default game type: SURVIVAL
[01:50:39] [Server thread/INFO]: Generating keypair
[01:50:39] [Server thread/INFO]: Starting Minecraft server on *:25565
[01:50:39] [Server thread/INFO]: Using epoll channel type
[01:50:39] [Server thread/WARN]: **** SERVER IS RUNNING IN OFFLINE/INSECURE MODE!
[01:50:39] [Server thread/WARN]: The server will make no attempt to authenticate usernames. Beware.
[01:50:39] [Server thread/WARN]: While this makes the game possible to play without internet access, it also opens up the ability for hackers to connect with any username they choose.
[01:50:39] [Server thread/WARN]: To change this, set "online-mode" to "true" in the server.properties file.
[01:50:39] [Server thread/INFO]: Preparing level "world"
[01:50:40] [Server thread/INFO]: Preparing start region for dimension minecraft:overworld
[01:50:42] [Worker-Main-2/INFO]: Preparing spawn area: 0%
[01:50:42] [Worker-Main-2/INFO]: Preparing spawn area: 0%
[01:50:42] [Worker-Main-2/INFO]: Preparing spawn area: 0%
[01:50:42] [Worker-Main-2/INFO]: Preparing spawn area: 0%
[01:50:42] [Worker-Main-2/INFO]: Preparing spawn area: 0%
[01:50:42] [Server thread/INFO]: Time elapsed: 2398 ms
[01:50:42] [Server thread/INFO]: Done (2.795s)! For help, type "help"
[01:51:13] [Server thread/INFO]: TP_iam[/127.35.72.225:35815] logged in with entity id 9 at (108.69999998807907, 11.0, 170.49659551855177)
[01:51:13] [Server thread/INFO]: TP_iam joined the game
[01:54:44] [Server thread/INFO]: TP_iam lost connection: Timed out
[01:54:44] [Server thread/INFO]: TP_iam left the game
[01:54:56] [Server thread/INFO]: TP_iam[/127.35.72.225:51715] logged in with entity id 413 at (106.03603593735174, 11.0, 170.30000001192093)
[01:54:56] [Server thread/INFO]: TP_iam joined the game
[01:55:49] [Server thread/WARN]: Mismatch in destroy block pos: jb{x=128, y=14, z=170} jb{x=128, y=13, z=170}
[02:06:49] [Server thread/WARN]: Mismatch in destroy block pos: jb{x=-60, y=97, z=-13} jb{x=-61, y=98, z=-13}
[02:09:43] [Server thread/INFO]: DOLAR[/127.165.88.142:36657] logged in with entity id 2686 at (-387.3921344186345, 69.0, -277.8458875967569)
[02:09:43] [Server thread/INFO]: DOLAR joined the game
[02:13:47] [Server thread/INFO]: DOLAR has made the advancement [Voluntary Exile]
[02:19:04] [Server thread/INFO]: [Not Secure] <TP_iam> -1632 -480
[02:19:15] [Server thread/INFO]: [Not Secure] <TP_iam> -1632 -480
[02:52:39] [Server thread/WARN]: Happy Ghast (vehicle of TP_iam) moved too quickly! 6.509274271603317,-0.062457838057170534,-7.661153750704443
[02:52:39] [Server thread/WARN]: Happy Ghast (vehicle of TP_iam) moved too quickly! 6.543475646179104,-0.062457838057170534,-7.701407391613884
[02:57:44] [Server thread/INFO]: HEOHEK[/127.13.21.153:47613] logged in with entity id 21914 at (-537.5, 80.0, 148.5)
[02:57:44] [Server thread/INFO]: HEOHEK joined the game
[02:57:54] [Server thread/INFO]: [Not Secure] <DOLAR> hermano
[02:58:03] [Server thread/INFO]: [Not Secure] <DOLAR> ven a estas coordenadas
[02:58:32] [Server thread/INFO]: [Not Secure] <DOLAR> x -409 z -267
[03:00:11] [Server thread/INFO]: [Not Secure] <DOLAR> estas
[03:00:30] [Server thread/INFO]: [Not Secure] <HEOHEK> si
[03:00:42] [Server thread/INFO]: [Not Secure] <DOLAR> genail
[03:00:48] [Server thread/INFO]: [Not Secure] <HEOHEK> ya voy
[03:00:58] [Server thread/INFO]: [Not Secure] <HEOHEK> nunca eh jugado
[03:01:05] [Server thread/INFO]: [Not Secure] <DOLAR> enserio???
[03:01:07] [Server thread/INFO]: [Not Secure] <HEOHEK> tengo q aprender pues jjajaja
[03:01:15] [Server thread/INFO]: [Not Secure] <DOLAR> es mas facil que en cel
[03:01:29] [Server thread/WARN]: Happy Ghast (vehicle of TP_iam) moved too quickly! -4.685168240894882,0.11404995930269024,-8.999706320294536
[03:01:29] [Server thread/WARN]: Happy Ghast (vehicle of TP_iam) moved too quickly! -4.795977346524751,0.11481462994902358,-9.14084511408646
[03:01:29] [Server thread/WARN]: Happy Ghast (vehicle of TP_iam) moved too quickly! -4.907129094598076,0.11557930059535693,-9.281814047401895
[03:01:29] [Server thread/WARN]: Happy Ghast (vehicle of TP_iam) moved too quickly! -5.0186194528314445,0.11608866659699402,-9.422619319691421
[03:01:29] [Server thread/WARN]: Happy Ghast (vehicle of TP_iam) moved too quickly! -5.130437145612177,0.11659803259863111,-9.563259780753924
[03:01:29] [Server thread/WARN]: Happy Ghast (vehicle of TP_iam) moved too quickly! -5.242570689425975,0.1171073986002682,-9.703735350066836
[03:01:29] [Server thread/WARN]: Happy Ghast (vehicle of TP_iam) moved too quickly! -5.355007219842037,0.11761676460190529,-9.844047921526453
[03:01:29] [Server thread/WARN]: Happy Ghast (vehicle of TP_iam) moved too quickly! -5.467735014737855,0.11812613060354238,-9.984199199217073
[03:01:29] [Server thread/WARN]: Happy Ghast (vehicle of TP_iam) moved too quickly! -5.5807425596324265,0.11855140221406657,-10.124194575796537
[03:01:29] [Server thread/WARN]: Happy Ghast (vehicle of TP_iam) moved too quickly! -5.694021497100039,0.1188910104319234,-10.264036629697785
[03:01:29] [Server thread/WARN]: Happy Ghast (vehicle of TP_iam) moved too quickly! -5.807562247825672,0.11918856213168283,-10.403727773265018
[03:01:29] [Server thread/WARN]: Happy Ghast (vehicle of TP_iam) moved too quickly! -6.4786442167021505,0.01912174678548695,-7.7408294909005235
[03:01:29] [Server thread/WARN]: Happy Ghast (vehicle of TP_iam) moved too quickly! -6.59647619473094,0.01933362189573984,-7.877589870618067
[03:01:29] [Server thread/WARN]: Happy Ghast (vehicle of TP_iam) moved too quickly! -6.714351785931967,0.01954549700599273,-8.014314826296868
[03:01:29] [Server thread/WARN]: Happy Ghast (vehicle of TP_iam) moved too quickly! -6.8322752992396545,0.01975737211624562,-8.15100039669187
[03:01:39] [Server thread/WARN]: Happy Ghast (vehicle of TP_iam) moved too quickly! 31.534475867513265,-0.024684982198920125,34.97812069614474
[03:01:39] [Server thread/WARN]: Happy Ghast (vehicle of TP_iam) moved too quickly! 31.534475867513265,-0.024684982198920125,34.97812069614474
[03:01:39] [Server thread/WARN]: Happy Ghast (vehicle of TP_iam) moved too quickly! 31.534475867513265,-0.024684982198920125,34.97812069614474
[03:01:39] [Server thread/WARN]: Happy Ghast (vehicle of TP_iam) moved too quickly! 31.534475867513265,-0.024684982198920125,34.97812069614474
[03:01:39] [Server thread/WARN]: Happy Ghast (vehicle of TP_iam) moved too quickly! 31.534475867513265,-0.024684982198920125,34.97812069614474
[03:01:39] [Server thread/WARN]: Happy Ghast (vehicle of TP_iam) moved too quickly! 31.534475867513265,-0.024684982198920125,34.97812069614474
[03:01:39] [Server thread/WARN]: Happy Ghast (vehicle of TP_iam) moved too quickly! 31.534475867513265,-0.024684982198920125,34.97812069614474
[03:01:39] [Server thread/WARN]: Happy Ghast (vehicle of TP_iam) moved too quickly! 31.534475867513265,-0.024684982198920125,34.97812069614474
[03:01:39] [Server thread/WARN]: Happy Ghast (vehicle of TP_iam) moved too quickly! 31.534475867513265,-0.024684982198920125,34.97812069614474
[03:01:39] [Server thread/WARN]: Happy Ghast (vehicle of TP_iam) moved too quickly! 31.411661801236278,-0.024727046783439732,34.84581219072834
[03:01:39] [Server thread/WARN]: Happy Ghast (vehicle of TP_iam) moved too quickly! 31.534475867513265,-0.024684982198920125,34.97812069614474
[03:01:39] [Server thread/WARN]: Happy Ghast (vehicle of TP_iam) moved too quickly! 31.534475867513265,-0.024684982198920125,34.97812069614474
[03:01:39] [Server thread/WARN]: Happy Ghast (vehicle of TP_iam) moved too quickly! 25.1736247571464,-0.005775110523686067,27.37408266236889
[03:01:39] [Server thread/WARN]: Happy Ghast (vehicle of TP_iam) moved too quickly! 25.1736247571464,-0.005775110523686067,27.37408266236889
[03:01:39] [Server thread/WARN]: Happy Ghast (vehicle of TP_iam) moved too quickly! 25.1736247571464,-0.005775110523686067,27.37408266236889
[03:01:39] [Server thread/WARN]: Happy Ghast (vehicle of TP_iam) moved too quickly! 25.1736247571464,-0.005775110523686067,27.37408266236889
[03:01:39] [Server thread/WARN]: Happy Ghast (vehicle of TP_iam) moved too quickly! 25.051200468530396,-0.005817175108205674,27.241420154965
[03:01:39] [Server thread/WARN]: Happy Ghast (vehicle of TP_iam) moved too quickly! 24.92909330958264,-0.005859239692725282,27.10846827835576
[03:01:39] [Server thread/WARN]: Happy Ghast (vehicle of TP_iam) moved too quickly! 24.807240779527774,-0.00590130427724489,26.975282875825542
[03:01:39] [Server thread/WARN]: Happy Ghast (vehicle of TP_iam) moved too quickly! 24.685588419246642,-0.0059433688617644975,26.841912793720894
[03:01:39] [Server thread/WARN]: Happy Ghast (vehicle of TP_iam) moved too quickly! 24.564089071061744,-0.005985433446284105,26.708400493738736
[03:01:40] [Server thread/WARN]: Happy Ghast (vehicle of TP_iam) moved too quickly! 24.442702208047194,-0.006027498030803713,26.57478261108008
[03:01:40] [Server thread/WARN]: Happy Ghast (vehicle of TP_iam) moved too quickly! 24.321393323701614,-0.006069562615323321,26.441090461399654
[03:01:40] [Server thread/WARN]: Happy Ghast (vehicle of TP_iam) moved too quickly! 24.200133376550184,-0.006111627199842928,26.30735050794192
[03:01:40] [Server thread/WARN]: Happy Ghast (vehicle of TP_iam) moved too quickly! 24.078897131161966,-0.006153691784362536,26.17358582785164
[03:01:40] [Server thread/WARN]: Happy Ghast (vehicle of TP_iam) moved too quickly! 23.957663965302572,-0.006195756368882144,26.039815365051254
[03:01:40] [Server thread/WARN]: Happy Ghast (vehicle of TP_iam) moved too quickly! 23.836416292458807,-0.0062378209534017515,25.90605533957296
[03:01:40] [Server thread/WARN]: Happy Ghast (vehicle of TP_iam) moved too quickly! 23.715139281844586,-0.006279885537921359,25.77231948786539
[03:01:40] [Server thread/WARN]: Happy Ghast (vehicle of TP_iam) moved too quickly! 23.593820608447686,-0.006321950122440967,25.638619280504827
[03:01:40] [Server thread/WARN]: Happy Ghast (vehicle of TP_iam) moved too quickly! 23.472450222668158,-0.006364014706960575,25.504964123218087
[03:01:40] [Server thread/WARN]: Happy Ghast (vehicle of TP_iam) moved too quickly! 23.351020142624748,-0.006406079291480182,25.371361536907443
[03:01:40] [Server thread/WARN]: Happy Ghast (vehicle of TP_iam) moved too quickly! 23.229524263217854,-0.00644814387599979,25.237817325346896
[03:01:40] [Server thread/WARN]: Happy Ghast (vehicle of TP_iam) moved too quickly! 23.107958185282314,-0.006490208460519398,25.1043357268195
[03:01:40] [Server thread/WARN]: Happy Ghast (vehicle of TP_iam) moved too quickly! 22.98631906011542,-0.006532273045039005,24.970919550166855
[03:01:40] [Server thread/WARN]: Happy Ghast (vehicle of TP_iam) moved too quickly! 22.864604301209283,-0.006574337629558613,24.837571358215428
[03:01:40] [Server thread/WARN]: Happy Ghast (vehicle of TP_iam) moved too quickly! 22.742812705505685,-0.006616402214078221,24.7042924332045
[03:01:40] [Server thread/WARN]: Happy Ghast (vehicle of TP_iam) moved too quickly! 22.620944325979735,-0.0066584667985978285,24.57108288816562
[03:01:40] [Server thread/WARN]: Happy Ghast (vehicle of TP_iam) moved too quickly! 22.49899807179736,-0.006700531383117436,24.437943889449798
[03:01:40] [Server thread/WARN]: Happy Ghast (vehicle of TP_iam) moved too quickly! 22.376975240005095,-0.006742595967637044,24.30487438501177
[03:01:40] [Server thread/WARN]: Happy Ghast (vehicle of TP_iam) moved too quickly! 22.25487701285192,-0.006784660552156652,24.171873419427357
[03:01:40] [Server thread/WARN]: Happy Ghast (vehicle of TP_iam) moved too quickly! 22.132704469090413,-0.006826725136676259,24.03894012616638
[03:01:41] [Server thread/WARN]: Happy Ghast (vehicle of TP_iam) moved too quickly! 22.010459733300877,-0.006868789721195867,23.906072658036464
[03:01:41] [Server thread/WARN]: Happy Ghast (vehicle of TP_iam) moved too quickly! 21.88814474078822,-0.006910854305715475,23.773269336030353
[03:01:41] [Server thread/WARN]: Happy Ghast (vehicle of TP_iam) moved too quickly! 21.765761254617246,-0.0069529188902350825,23.64052863418783
[03:01:41] [Server thread/WARN]: Happy Ghast (vehicle of TP_iam) moved too quickly! 21.643312020155463,-0.00699498347475469,23.507848103298784
[03:01:41] [Server thread/WARN]: Happy Ghast (vehicle of TP_iam) moved too quickly! 21.52079953568682,-0.007037048059274298,23.375225515550483
[03:01:41] [Server thread/WARN]: Happy Ghast (vehicle of TP_iam) moved too quickly! 21.398226076587434,-0.007079112643793906,23.242658843632853
[03:01:41] [Server thread/WARN]: Happy Ghast (vehicle of TP_iam) moved too quickly! 21.275593714417937,-0.007121177228313513,23.110146244631323
[03:01:41] [Server thread/WARN]: Happy Ghast (vehicle of TP_iam) moved too quickly! 21.152905473339615,-0.007163241812833121,22.97768497896959
[03:01:41] [Server thread/WARN]: Happy Ghast (vehicle of TP_iam) moved too quickly! 21.03016410533928,-0.007205306397352729,22.84527255363355
[03:01:41] [Server thread/WARN]: Happy Ghast (vehicle of TP_iam) moved too quickly! 20.907372115693533,-0.007247370981872336,22.712906700948224
[03:01:41] [Server thread/WARN]: Happy Ghast (vehicle of TP_iam) moved too quickly! 20.78453178420432,-0.007289435566391944,22.58058535732971
[03:01:41] [Server thread/WARN]: Happy Ghast (vehicle of TP_iam) moved too quickly! 20.66164518646019,-0.007331500150911552,22.448306645884713
[03:01:41] [Server thread/WARN]: Happy Ghast (vehicle of TP_iam) moved too quickly! 20.538714211246315,-0.0073735647354311595,22.316068858640847
[03:01:41] [Server thread/WARN]: Happy Ghast (vehicle of TP_iam) moved too quickly! 20.41574171446132,-0.007415629319950767,22.183869376882285
[03:03:24] [Server thread/INFO]: [Not Secure] <HEOHEK> ya llege
[03:03:38] [Server thread/INFO]: [Not Secure] <HEOHEK> nio hay para hanalr por el juego
[03:03:42] [Server thread/INFO]: HEOHEK has made the advancement [Acquire Hardware]
[03:04:16] [Server thread/INFO]: [Not Secure] <DOLAR> estoy arreglando la base
[03:04:23] [Server thread/INFO]: [Not Secure] <DOLAR> era muy cuadrado
[03:04:23] [Server thread/INFO]: [Not Secure] <HEOHEK> se nota
[03:04:41] [Server thread/INFO]: [Not Secure] <HEOHEK> como cambio de skin
[03:05:50] [Server thread/INFO]: [Not Secure] <DOLAR> explora
[03:05:58] [Server thread/INFO]: [Not Secure] <HEOHEK> ok
[03:06:17] [Server thread/INFO]: [Not Secure] <DOLAR> granja de hierro
[03:06:31] [Server thread/INFO]: [Not Secure] <HEOHEK> quiero configurar mi sensi
[03:06:48] [Server thread/INFO]: [Not Secure] <DOLAR> esc y luego opciones
[03:07:16] [Server thread/INFO]: [Not Secure] <DOLAR> luego a graficos
[03:08:04] [Server thread/INFO]: [Not Secure] <DOLAR> funciono?
[03:09:16] [Server thread/INFO]: [Not Secure] <DOLAR> mesa de crafteo, con eso haces armas, armadura, todo lo que necesites
[03:09:34] [Server thread/INFO]: [Not Secure] <DOLAR> clic derecho
[03:09:48] [Server thread/INFO]: HEOHEK has made the advancement [Suit Up]
[03:09:57] [Server thread/INFO]: [Not Secure] <DOLAR> la cama es tu punto de spauwn
[03:10:13] [Server thread/INFO]: [Not Secure] <DOLAR> si mueres reaparces donde dormiste o hiciste clic derecho
[03:10:44] [Server thread/INFO]: [Not Secure] <DOLAR> los aldenaos sirven para tradear(intercambio)
[03:10:48] [Server thread/INFO]: [Not Secure] <DOLAR> clic derecho
[03:11:01] [Server thread/INFO]: [Not Secure] <DOLAR> encantar tu arma significa mejorarla
[03:11:06] [Server thread/INFO]: [Not Secure] <DOLAR> duerme
[03:11:09] [Server thread/INFO]: [Not Secure] <HEOHEK> lo basico se, pero nunca eh jugado solo e visto
[03:11:17] [Server thread/INFO]: [Not Secure] <DOLAR> entiendo, entiendo
[03:11:23] [Server thread/INFO]: [Not Secure] <DOLAR> lo que no sepas avisas
